// Jest Snapshot v1, https://goo.gl/fbAQLP

exports[`<Loader /> render equals snapshot 1`] = `
<div
  data-testid="ut-front-test"
>
  <div
    class="loaderContainer-0-2-2"
  >
    <div
      class="overlay-0-2-3"
    />
    <div
      class="loader-0-2-4"
    />
    <div
      class="message-0-2-5"
    >
      Loading...
    </div>
  </div>
</div>
`;
