// Jest Snapshot v1, https://goo.gl/fbAQLP

exports[`<Form /> render equals snapshot 1`] = `
<div
  data-testid="ut-front-test"
>
  <div
    class="flex"
    style="overflow-x: hidden; width: 100%;"
  >
    <div
      class="p-toast p-component p-toast-top-right"
    >
      <div />
    </div>
    <form
      class="grid col align-self-start Form-component-1"
    >
      <div
        class="col-12 xl:col-6"
      >
        <div>
          <div
            class="p-card p-component card mb-3"
            id="edit"
          >
            <div
              class="p-card-body"
            >
              <div
                class="p-card-title"
              >
                Tree
              </div>
              <div
                class="p-card-content"
              >
                <div
                  class=""
                >
                  <div
                    class="field grid"
                  >
                    <label
                      class="col-12 md:col-4"
                      for="tree.treeName"
                    >
                      Name
                    </label>
                    <div
                      class="col-12 md:col-8"
                    >
                      <input
                        class="p-inputtext p-component p-filled w-full"
                        id="tree.treeName"
                        name="tree.treeName"
                        value="Oak"
                      />
                    </div>
                  </div>
                  <div
                    class="field grid"
                  >
                    <label
                      class="col-12 md:col-4"
                      for="tree.treeDescription"
                    >
                      Description
                    </label>
                    <div
                      class="col-12 md:col-8"
                    >
                      <textarea
                        class="p-inputtextarea p-inputtext p-component w-full"
                        id="tree.treeDescription"
                        name="tree.treeDescription"
                      />
                    </div>
                  </div>
                  <div
                    class="field grid"
                  >
                    <label
                      class="col-12 md:col-4"
                      for="tree.treeType"
                    >
                      Type
                    </label>
                    <div
                      class="col-12 md:col-8"
                    >
                      <div
                        class="p-dropdown p-component p-inputwrapper w-full p-inputwrapper-filled"
                        id="tree.treeType"
                      >
                        <div
                          class="p-hidden-accessible"
                        >
                          <input
                            aria-haspopup="listbox"
                            readonly=""
                            type="text"
                          />
                        </div>
                        <div
                          class="p-hidden-accessible p-dropdown-hidden-select"
                        >
                          <select
                            aria-hidden="true"
                            name="tree.treeType"
                            tabindex="-1"
                          >
                            <option
                              value=""
                            />
                            <option
                              value="1"
                            >
                              Conifer
                            </option>
                          </select>
                        </div>
                        <span
                          class="p-dropdown-label p-inputtext"
                        >
                          Conifer
                        </span>
                        <div
                          aria-expanded="false"
                          aria-haspopup="listbox"
                          class="p-dropdown-trigger"
                          role="button"
                        >
                          <span
                            class="p-dropdown-trigger-icon p-clickable pi pi-chevron-down"
                          />
                        </div>
                      </div>
                    </div>
                  </div>
                </div>
              </div>
            </div>
          </div>
        </div>
      </div>
      <div
        class="col-12 xl:col-6"
      >
        <div>
          <div
            class="p-card p-component card mb-3"
            id="taxonomy"
          >
            <div
              class="p-card-body"
            >
              <div
                class="p-card-title"
              >
                Taxonomy
              </div>
              <div
                class="p-card-content"
              >
                <div
                  class=""
                />
              </div>
            </div>
          </div>
        </div>
        <div>
          <div
            class="p-card p-component card mb-3"
            id="reproduction"
          >
            <div
              class="p-card-body"
            >
              <div
                class="p-card-title"
              >
                Reproduction
              </div>
              <div
                class="p-card-content"
              >
                <div
                  class=""
                >
                  <div
                    class="field grid"
                  >
                    <label
                      class="col-12 md:col-4"
                      for="tree.seedDescription"
                    >
                      Seed
                    </label>
                    <div
                      class="col-12 md:col-8"
                    >
                      <input
                        class="p-inputtext p-component w-full"
                        id="tree.seedDescription"
                        name="tree.seedDescription"
                        value=""
                      />
                    </div>
                  </div>
                  <div
                    class="field grid"
                  >
                    <label
                      class="col-12 md:col-4"
                      for="tree.flowerDescription"
                    >
                      Flower
                    </label>
                    <div
                      class="col-12 md:col-8"
                    >
                      <input
                        class="p-inputtext p-component w-full"
                        id="tree.flowerDescription"
                        name="tree.flowerDescription"
                        value=""
                      />
                    </div>
                  </div>
                  <div
                    class="field grid"
                  >
                    <label
                      class="col-12 md:col-4"
                      for="tree.fruitName"
                    >
                      Fruit
                    </label>
                    <div
                      class="col-12 md:col-8"
                    >
                      <input
                        class="p-inputtext p-component w-full"
                        id="tree.fruitName"
                        name="tree.fruitName"
                        value=""
                      />
                    </div>
                  </div>
                </div>
              </div>
            </div>
          </div>
        </div>
      </div>
      <div
        class="col-12 xl:col-6"
      >
        <div>
          <div
            class="p-card p-component card mb-3"
            id="morphology"
          >
            <div
              class="p-card-body"
            >
              <div
                class="p-card-title"
              >
                Morphology
              </div>
              <div
                class="p-card-content"
              >
                <div
                  class=""
                />
              </div>
            </div>
          </div>
        </div>
      </div>
    </form>
  </div>
</div>
`;
