// Jest Snapshot v1, https://goo.gl/fbAQLP

exports[`<Report /> render equals snapshot 1`] = `
<div
  data-testid="ut-front-test"
>
  <div
    class="flex align-items-center Report-report-2"
  >
    <div
      class="p-toast p-component p-toast-top-right"
    >
      <div />
    </div>
    <form
      class="grid col align-self-start Form-component-3"
      style="flex-grow: 1;"
    >
      <div
        class="col-12 col-12"
      >
        <div>
          <div
            class="p-card p-component card mb-3"
            id="params"
          >
            <div
              class="p-card-body"
            >
              <div
                class="p-card-content"
              >
                <div
                  class="flex flex-wrap"
                >
                  <div
                    class="field grid col-12 md:col-4 xl:col-3 mb-0"
                  >
                    <label
                      class="col-12 md:col-4"
                      for="name"
                    >
                      Name
                    </label>
                    <div
                      class="col-12 md:col-8"
                    >
                      <input
                        class="p-inputtext p-component p-filled w-full"
                        id="name"
                        name="name"
                        value="row 1"
                      />
                    </div>
                  </div>
                  <div
                    class="field grid col-12 md:col-4 xl:col-3 mb-0"
                  >
                    <label
                      class="col-12 md:col-4"
                      for="startDate"
                    >
                      Start Date
                    </label>
                    <div
                      class="col-12 md:col-8"
                    >
                      <span
                        class="p-calendar p-component p-inputwrapper w-full p-calendar-w-btn p-calendar-w-btn-right"
                        id="startDate"
                      >
                        <input
                          autocomplete="off"
                          class="p-inputtext p-component"
                          id="startDate"
                          inputmode="none"
                          name="startDate"
                          type="text"
                        />
                        <button
                          class="p-button p-component p-datepicker-trigger p-button-icon-only"
                          tabindex="-1"
                          type="button"
                        >
                          <span
                            class="p-button-icon p-c pi pi-calendar"
                          />
                          <span
                            class="p-button-label p-c"
                          >
                             
                          </span>
                        </button>
                      </span>
                    </div>
                  </div>
                  <div
                    class="field grid col-12 md:col-4 xl:col-3 mb-0"
                  >
                    <label
                      class="col-12 md:col-4"
                      for="endDate"
                    >
                      End Date
                    </label>
                    <div
                      class="col-12 md:col-8"
                    >
                      <span
                        class="p-calendar p-component p-inputwrapper w-full p-calendar-w-btn p-calendar-w-btn-right"
                        id="endDate"
                      >
                        <input
                          autocomplete="off"
                          class="p-inputtext p-component"
                          id="endDate"
                          inputmode="none"
                          name="endDate"
                          type="text"
                        />
                        <button
                          class="p-button p-component p-datepicker-trigger p-button-icon-only"
                          tabindex="-1"
                          type="button"
                        >
                          <span
                            class="p-button-icon p-c pi pi-calendar"
                          />
                          <span
                            class="p-button-label p-c"
                          >
                             
                          </span>
                        </button>
                      </span>
                    </div>
                  </div>
                </div>
              </div>
            </div>
          </div>
        </div>
      </div>
    </form>
    <button
      class="p-button p-component col-1 p-button-icon-only"
    >
      <span
        class="p-button-icon p-c pi pi-search"
      />
      <span
        class="p-button-label p-c"
      >
         
      </span>
    </button>
  </div>
  <div
    class="flex flex-column h-full Explorer-component-4"
  >
    <div
      class="p-datatable p-component p-datatable-auto-layout p-datatable-responsive-stack"
      data-scrollselectors=".p-datatable-wrapper"
      pr_id_1=""
    >
      <div
        class="p-paginator p-component p-paginator-top"
      >
        <button
          class="p-paginator-first p-paginator-element p-link p-disabled"
          disabled=""
          type="button"
        >
          <span
            class="p-paginator-icon pi pi-angle-double-left"
          />
        </button>
        <button
          class="p-paginator-prev p-paginator-element p-link p-disabled"
          disabled=""
          type="button"
        >
          <span
            class="p-paginator-icon pi pi-angle-left"
          />
        </button>
        <span
          class="p-paginator-pages"
        />
        <button
          class="p-paginator-next p-paginator-element p-link p-disabled"
          disabled=""
          type="button"
        >
          <span
            class="p-paginator-icon pi pi-angle-right"
          />
        </button>
        <button
          class="p-paginator-last p-paginator-element p-link p-disabled"
          disabled=""
          type="button"
        >
          <span
            class="p-paginator-icon pi pi-angle-double-right"
          />
        </button>
      </div>
      <div
        class="p-datatable-wrapper"
      >
        <table
          class="p-datatable-table"
          role="table"
        >
          <thead
            class="p-datatable-thead"
          >
            <tr
              role="row"
            >
              <th
                class=""
                role="columnheader"
              >
                <div
                  class="p-column-header-content"
                >
                  <span
                    class="p-column-title"
                  >
                    <span
                      data-testid="result.nameTitle"
                    >
                      Name
                    </span>
                  </span>
                </div>
              </th>
            </tr>
            <tr
              role="row"
            >
              <th
                class="p-filter-column"
              />
            </tr>
          </thead>
          <tbody
            class="p-datatable-tbody"
          >
            <tr
              class="p-datatable-emptymessage"
              role="row"
            >
              <td
                colspan="1"
                role="cell"
              >
                No available options
              </td>
            </tr>
          </tbody>
        </table>
      </div>
    </div>
  </div>
</div>
`;
