// Jest Snapshot v1, https://goo.gl/fbAQLP

exports[`<App /> render equals snapshot 1`] = `
<div
  data-testid="ut-front-test"
/>
`;
