// Jest Snapshot v1, https://goo.gl/fbAQLP

exports[`<Login /> render equals snapshot 1`] = `
<div
  data-testid="ut-front-test"
>
  <div
    class="Login-loginContainer-1"
  >
    <div
      class="Login-loginLogo-2 Login-loginPageHeader-3"
    />
    <div
      class="MuiBox-root MuiBox-root-12 Login-loginForm-5"
    >
      <div
        class="Login-loginTitle-8"
      >
        <span>
          System Login
        </span>
      </div>
      
      <form
        autocomplete="off"
        class="p-fluid Login-formContainer-6"
      >
        <div
          class="p-field p-float-label"
        >
          <input
            class="p-inputtext p-component"
            name="username"
          />
          <label>
            Username
          </label>
        </div>
        <button
          class="p-button p-component"
          type="submit"
        >
          <span
            class="p-button-label p-c"
          >
            Next
          </span>
        </button>
      </form>
    </div>
    <div
      class="Login-loginLogo-2 Login-loginPageFooter-4"
    />
  </div>
</div>
`;
